<html>
<body>
	<form wicket:id="formpost" id="formpost1" method="post" action="./org.apache.wicket.markup.html.form.FormMethodTestPage?0-1.-formpost"></form>
	<form wicket:id="formget" id="formget2" method="get" action="./org.apache.wicket.markup.html.form.FormMethodTestPage"><div style="width:0px;height:0px;position:absolute;left:-100px;top:-100px;overflow:hidden"><input type="hidden" name="0-1.-formget" value="" /></div></form>
</body>
</html>
